// Vitest Snapshot v1, https://vitest.dev/guide/snapshot.html

exports[`treeOutputParser > should parse the tree output correctly 1`] = `
[
  {
    "name": "2025-09-20_13-36-01-front.mp4",
    "webkitRelativePath": "RecentClips/2025-09-20_13-36-01-front.mp4",
  },
  {
    "name": "2025-09-20_13-36-01-left_repeater.mp4",
    "webkitRelativePath": "RecentClips/2025-09-20_13-36-01-left_repeater.mp4",
  },
  {
    "name": "2025-09-20_13-36-01-right_repeater.mp4",
    "webkitRelativePath": "RecentClips/2025-09-20_13-36-01-right_repeater.mp4",
  },
  {
    "name": "2025-09-20_13-36-01-left_pillar.mp4",
    "webkitRelativePath": "RecentClips/2025-09-20_13-36-01-left_pillar.mp4",
  },
  {
    "name": "2025-09-20_13-36-01-right_pillar.mp4",
    "webkitRelativePath": "RecentClips/2025-09-20_13-36-01-right_pillar.mp4",
  },
  {
    "name": "2025-09-20_13-37-02-back.mp4",
    "webkitRelativePath": "RecentClips/2025-09-20_13-37-02-back.mp4",
  },
  {
    "name": "2025-09-20_13-37-02-front.mp4",
    "webkitRelativePath": "RecentClips/2025-09-20_13-37-02-front.mp4",
  },
  {
    "name": "2025-09-20_13-37-02-left_repeater.mp4",
    "webkitRelativePath": "RecentClips/2025-09-20_13-37-02-left_repeater.mp4",
  },
  {
    "name": "2025-09-20_13-37-02-right_repeater.mp4",
    "webkitRelativePath": "RecentClips/2025-09-20_13-37-02-right_repeater.mp4",
  },
  {
    "name": "2025-09-20_13-38-02-back.mp4",
    "webkitRelativePath": "RecentClips/2025-09-20_13-38-02-back.mp4",
  },
  {
    "name": "thumb.png",
    "webkitRelativePath": "RecentClips/thumb.png",
  },
  {
    "name": "2021-10-20_20-36-02-back.mp4",
    "webkitRelativePath": "SavedClips/2021-10-20_20-47-06/2021-10-20_20-36-02-back.mp4",
  },
  {
    "name": "2021-10-20_20-36-02-front.mp4",
    "webkitRelativePath": "SavedClips/2021-10-20_20-47-06/2021-10-20_20-36-02-front.mp4",
  },
  {
    "name": "2021-10-20_20-36-02-left_repeater.mp4",
    "webkitRelativePath": "SavedClips/2021-10-20_20-47-06/2021-10-20_20-36-02-left_repeater.mp4",
  },
  {
    "name": "2021-10-20_20-36-02-right_repeater.mp4",
    "webkitRelativePath": "SavedClips/2021-10-20_20-47-06/2021-10-20_20-36-02-right_repeater.mp4",
  },
  {
    "name": "2021-10-20_20-37-02-back.mp4",
    "webkitRelativePath": "SavedClips/2021-10-20_20-47-06/2021-10-20_20-37-02-back.mp4",
  },
  {
    "name": "2021-10-20_20-37-02-front.mp4",
    "webkitRelativePath": "SavedClips/2021-10-20_20-47-06/2021-10-20_20-37-02-front.mp4",
  },
  {
    "name": "2021-10-20_20-37-02-left_repeater.mp4",
    "webkitRelativePath": "SavedClips/2021-10-20_20-47-06/2021-10-20_20-37-02-left_repeater.mp4",
  },
  {
    "name": "2021-10-20_20-37-02-right_repeater.mp4",
    "webkitRelativePath": "SavedClips/2021-10-20_20-47-06/2021-10-20_20-37-02-right_repeater.mp4",
  },
  {
    "name": "event.json",
    "webkitRelativePath": "SavedClips/2021-10-20_20-47-06/event.json",
  },
  {
    "name": "thumb.png",
    "webkitRelativePath": "SavedClips/2021-10-20_20-47-06/thumb.png",
  },
  {
    "name": "2025-05-09_20-01-39-back.mp4",
    "webkitRelativePath": "SavedClips/2025-05-09_20-12-41/2025-05-09_20-01-39-back.mp4",
  },
  {
    "name": "2025-05-09_20-01-39-front.mp4",
    "webkitRelativePath": "SavedClips/2025-05-09_20-12-41/2025-05-09_20-01-39-front.mp4",
  },
  {
    "name": "2025-05-09_20-01-39-left_repeater.mp4",
    "webkitRelativePath": "SavedClips/2025-05-09_20-12-41/2025-05-09_20-01-39-left_repeater.mp4",
  },
  {
    "name": "2025-05-09_20-01-39-right_repeater.mp4",
    "webkitRelativePath": "SavedClips/2025-05-09_20-12-41/2025-05-09_20-01-39-right_repeater.mp4",
  },
  {
    "name": "event.json",
    "webkitRelativePath": "SavedClips/2025-05-09_20-12-41/event.json",
  },
  {
    "name": "thumb.png",
    "webkitRelativePath": "SavedClips/2025-05-09_20-12-41/thumb.png",
  },
  {
    "name": "2025-09-20_14-22-42-front.mp4",
    "webkitRelativePath": "SavedClips/2025-09-20_14-33-59/2025-09-20_14-22-42-front.mp4",
  },
  {
    "name": "2025-09-20_14-22-42-left_repeater.mp4",
    "webkitRelativePath": "SavedClips/2025-09-20_14-33-59/2025-09-20_14-22-42-left_repeater.mp4",
  },
  {
    "name": "2025-09-20_14-22-42-right_repeater.mp4",
    "webkitRelativePath": "SavedClips/2025-09-20_14-33-59/2025-09-20_14-22-42-right_repeater.mp4",
  },
  {
    "name": "2025-09-20_14-23-43-back.mp4",
    "webkitRelativePath": "SavedClips/2025-09-20_14-33-59/2025-09-20_14-23-43-back.mp4",
  },
  {
    "name": "event.json",
    "webkitRelativePath": "SavedClips/2025-09-20_14-33-59/event.json",
  },
  {
    "name": "thumb.png",
    "webkitRelativePath": "SavedClips/2025-09-20_14-33-59/thumb.png",
  },
  {
    "name": "2025-06-20_03-47-19-front.mp4",
    "webkitRelativePath": "SentryClips/2025-06-20_03-48-20/2025-06-20_03-47-19-front.mp4",
  },
  {
    "name": "event.json",
    "webkitRelativePath": "SentryClips/2025-06-20_03-48-20/event.json",
  },
  {
    "name": "thumb.png",
    "webkitRelativePath": "SentryClips/2025-06-20_03-48-20/thumb.png",
  },
  {
    "name": "2025-06-20_07-30-31-back.mp4",
    "webkitRelativePath": "SentryClips/2025-06-20_07-40-59/2025-06-20_07-30-31-back.mp4",
  },
  {
    "name": "2025-06-20_07-30-31-front.mp4",
    "webkitRelativePath": "SentryClips/2025-06-20_07-40-59/2025-06-20_07-30-31-front.mp4",
  },
  {
    "name": "2025-06-20_07-30-31-left_repeater.mp4",
    "webkitRelativePath": "SentryClips/2025-06-20_07-40-59/2025-06-20_07-30-31-left_repeater.mp4",
  },
  {
    "name": "2025-06-20_07-30-31-right_repeater.mp4",
    "webkitRelativePath": "SentryClips/2025-06-20_07-40-59/2025-06-20_07-30-31-right_repeater.mp4",
  },
  {
    "name": "event.json",
    "webkitRelativePath": "SentryClips/2025-06-20_07-40-59/event.json",
  },
  {
    "name": "thumb.png",
    "webkitRelativePath": "SentryClips/2025-06-20_07-40-59/thumb.png",
  },
]
`;
